{
  "canonical_fingerprint": {
    "item_count": 60,
    "sha256": "a2cb2c30cd982649c26d29035498f0e20aca8339f54e8c15c14cc904e7b44d19"
  },
  "canonical_integrity": {
    "active_searchable_bindings_missing_dense": 0,
    "active_searchable_bindings_missing_sparse": 24795,
    "dead_or_failed_outbox": 0,
    "duplicate_bindings": 0,
    "duplicate_chunks": 0,
    "duplicate_outbox_events": 0,
    "orphan_bindings": 0,
    "orphan_chunks": 0,
    "orphan_graph_edges": 0,
    "orphan_graph_nodes": 0,
    "orphan_outbox": 0,
    "partial_active_documents": 0
  },
  "migration_history": {
    "applied_migration_count": 39,
    "checksum_mismatches": [],
    "failed_migrations": 0,
    "pending_migrations": [],
    "repository_migration_count": 39,
    "unknown_migrations": []
  },
  "read_only": true,
  "schema_inventory": {
    "item_count": 6792,
    "sha256": "f54e3e78a5465986034cdb4fd1936757368490b745fc868d6aef7fe6cb3b82ca"
  },
  "verdict": "POSTGRES_CANONICAL_AUDIT_PASS"
}
