{
  "results": [
    {
      "documentId": "175f2d7c-a5b8-573b-903f-f64eaaea903c",
      "documentVersion": "1",
      "rootChunkId": "88d74480-5ff2-5aa7-9c57-8f84d7fb4ac9",
      "sourceChunkId": "88d74480-5ff2-5aa7-9c57-8f84d7fb4ac9",
      "parentChunkId": "47e5cf3c-16a3-5894-8997-697b78c599af",
      "matchedChunkId": "47e5cf3c-16a3-5894-8997-697b78c599af",
      "matchedGranularity": "PARENT_V004",
      "parentText": "AstraVector хранит каноническое состояние документов в PostgreSQL. В PostgreSQL находятся версии документов, исходные chunks, bindings, lifecycle status и transactional outbox. Это источник истины, который можно проверять обычными SQL-запросами.",
      "scores": {
        "denseScore": 0.6617892,
        "fusionScore": 0.6617892,
        "finalScore": 0.6617892
      },
      "citation": {
        "metadata": {
          "access_zone_code": "0488",
          "anchor": "ASTRAVECTOR_LOCAL_DEMO_2026",
          "binding_id": "1ac7cbc2-fee2-597f-8f44-f4513de8da32",
          "calibrated_score": "0.6617892",
          "candidate_debug.exact_technical_boost_applied": "false",
          "candidate_debug.exact_technical_token_match": "false",
          "candidate_debug.matched_technical_tokens": "[]",
          "candidate_debug.required_technical_tokens": "[]",
          "candidate_debug.sparse_score_after_boost": "0",
          "candidate_debug.sparse_score_before_boost": "0",
          "char_end": "274",
          "char_start": "29",
          "chunk_granularity": "PARENT",
          "column_index": "0",
          "content_hash": "3c2ccbd4a5d81c76e25e5622667ef1d2dc20d69ef14fbdbc4334aae79f0edc01",
          "demo": "fix488",
          "dense_version": "bge_m3_dense_cls_l2_v1_onnx_int8",
          "document_title": "AstraVector local demo Russian text",
          "evidence_provenance": "PRIMARY_DIRECT",
          "exact_technical_match": "false",
          "external_document_id": "local-demo:sample-ru.txt",
          "heading": "AstraVector local demo",
          "idempotency_fingerprint": "b70ad77af9c60e917b44dc5bc4772d6ddd88a4eba43401aba3d3db8d893890aa",
          "idempotency_key": "fix488-load:175f2d7c-a5b8-573b-903f-f64eaaea903c:1:3c2ccbd4a5d81c76e25e5622667ef1d2dc20d69ef14fbdbc4334aae79f0edc01",
          "ingestion_facade": "IndexLogicalDocument",
          "logical_blocks": "[{\"block_id\":\"6c5a8763-2e1e-5545-9bbf-f88f81b0ae03\",\"block_type\":1,\"block_type_name\":\"DOCUMENT\",\"metadata\":{\"fix488_role\":\"root\"},\"order_index\":0,\"parent_block_id\":\"\",\"source_links\":[],\"source_location\":{\"char_end\":1091,\"char_start\":0,\"column_index\":0,\"heading\":\"AstraVector local demo\",\"page_end\":0,\"page_start\":0,\"row_index\":0,\"section_path\":\"local-demo\",\"table_id\":\"\"},\"text\":\"AstraVector local demo document root.\"},{\"block_id\":\"c215236e-99d9-5919-9b7f-8dda977f366c\",\"block_type\":4,\"block_type_name\":\"PARAGRAPH\",\"metadata\":{\"fix488_order\":\"1\"},\"order_index\":1,\"parent_block_id\":\"6c5a8763-2e1e-5545-9bbf-f88f81b0ae03\",\"source_links\":[],\"source_location\":{\"char_end\":27,\"char_start\":0,\"column_index\":0,\"heading\":\"AstraVector local demo\",\"page_end\":0,\"page_start\":0,\"row_index\":0,\"section_path\":\"local-demo\",\"table_id\":\"\"},\"text\":\"ASTRAVECTOR_LOCAL_DEMO_2026\"},{\"block_id\":\"e6ed7553-7fce-53aa-908c-4458e6f6e057\",\"block_type\":4,\"block_type_name\":\"PARAGRAPH\",\"metadata\":{\"fix488_order\":\"2\"},\"order_index\":2,\"parent_block_id\":\"6c5a8763-2e1e-5545-9bbf-f88f81b0ae03\",\"source_links\":[],\"source_location\":{\"char_end\":274,\"char_start\":29,\"column_index\":0,\"heading\":\"AstraVector local demo\",\"page_end\":0,\"page_start\":0,\"row_index\":0,\"section_path\":\"local-demo\",\"table_id\":\"\"},\"text\":\"AstraVector хранит каноническое состояние документов в PostgreSQL. В PostgreSQL находятся версии документов, исходные chunks, bindings, lifecycle status и transactional outbox. Это источник истины, который можно проверять обычными SQL-запросами.\"},{\"block_id\":\"72751560-30e0-5211-942d-7f6c7e2e9aec\",\"block_type\":4,\"block_type_name\":\"PARAGRAPH\",\"metadata\":{\"fix488_order\":\"3\"},\"order_index\":3,\"parent_block_id\":\"6c5a8763-2e1e-5545-9bbf-f88f81b0ae03\",\"source_links\":[],\"source_location\":{\"char_end\":507,\"char_start\":276,\"column_index\":0,\"heading\":\"AstraVector local demo\",\"page_end\":0,\"page_start\":0,\"row_index\":0,\"section_path\":\"local-demo\",\"table_id\":\"\"},\"text\":\"Qdrant используется как заменяемая векторная проекция для семантического поиска. В Qdrant публикуются searchable points с payload, который связывает vector point с access zone, document version, chunk identity и lifecycle metadata.\"},{\"block_id\":\"bf883d7c-2eb1-586a-b599-cd90b9a7b0ff\",\"block_type\":4,\"block_type_name\":\"PARAGRAPH\",\"metadata\":{\"fix488_order\":\"4\"},\"order_index\":4,\"parent_block_id\":\"6c5a8763-2e1e-5545-9bbf-f88f81b0ae03\",\"source_links\":[],\"source_location\":{\"char_end\":720,\"char_start\":509,\"column_index\":0,\"heading\":\"AstraVector local demo\",\"page_end\":0,\"page_start\":0,\"row_index\":0,\"section_path\":\"local-demo\",\"table_id\":\"\"},\"text\":\"Transactional outbox обеспечивает доставку векторных изменений из PostgreSQL в Qdrant. Если Qdrant временно недоступен, AstraVector не должен объявлять binding синхронизированным до фактической публикации point.\"},{\"block_id\":\"9adccce1-c429-58ab-a7ed-221cea267b2d\",\"block_type\":4,\"block_type_name\":\"PARAGRAPH\",\"metadata\":{\"fix488_order\":\"5\"},\"order_index\":5,\"parent_block_id\":\"6c5a8763-2e1e-5545-9bbf-f88f81b0ae03\",\"source_links\":[],\"source_location\":{\"char_end\":938,\"char_start\":722,\"column_index\":0,\"heading\":\"AstraVector local demo\",\"page_end\":0,\"page_start\":0,\"row_index\":0,\"section_path\":\"local-demo\",\"table_id\":\"\"},\"text\":\"Если коллекция Qdrant потеряна, проекцию можно восстановить из канонического состояния PostgreSQL. Поэтому локальная демонстрация всегда проверяет обе стороны: canonical rows в PostgreSQL и projected points в Qdrant.\"},{\"block_id\":\"a298c72b-f5f9-5a05-9761-a8af3a25df27\",\"block_type\":4,\"block_type_name\":\"PARAGRAPH\",\"metadata\":{\"fix488_order\":\"6\"},\"order_index\":6,\"parent_block_id\":\"6c5a8763-2e1e-5545-9bbf-f88f81b0ae03\",\"source_links\":[],\"source_location\":{\"char_end\":1089,\"char_start\":940,\"column_index\":0,\"heading\":\"AstraVector local demo\",\"page_end\":0,\"page_start\":0,\"row_index\":0,\"section_path\":\"local-demo\",\"table_id\":\"\"},\"text\":\"Этот текст специально содержит уникальный маркер ASTRAVECTOR_LOCAL_DEMO_2026, чтобы exact-anchor search можно было отличить от случайного совпадения.\"}]",
          "logical_blocks_count": "7",
          "mime_type": "text/plain; charset=utf-8",
          "mmr_dense_pair_comparisons": "0",
          "mmr_lambda": "0.75",
          "mmr_max_similarity_to_selected": "0",
          "mmr_score": "0.49634188",
          "mmr_similarity_source": "TOKEN_JACCARD",
          "mmr_token_pair_comparisons": "0",
          "model_version": "bge_m3_onnx_int8_v1",
          "page_end": "0",
          "page_start": "0",
          "payload_version": "1",
          "pre_dedup_child_ids": "[\"6cf89b3b-7fb2-5dd8-8a3d-c2101f0ea2b6\",\"79cda957-3f92-57a3-b46c-7e86cce88742\"]",
          "pre_dedup_distinct_child_count": "2",
          "qdrant_point_id": "5192e586-2b05-5b3b-8599-8e4022ee5e89",
          "ranking_protection": "PRIMARY_DIRECT,UNIQUE_SOURCE_BLOCK",
          "raw_score": "0.6617892",
          "representation_type": "ORIGINAL",
          "rerank_stage": "MMR",
          "retrieval_source": "VECTOR_DIRECT",
          "retrieval_sources": "[\"VECTOR_DIRECT\"]",
          "row_index": "0",
          "score_calibration_source": "VECTOR_DIRECT",
          "section_path": "local-demo",
          "sequence_no": "12",
          "source_block_id": "e6ed7553-7fce-53aa-908c-4458e6f6e057",
          "source_file": "sample-ru.txt",
          "source_type": "PLAIN_TEXT",
          "source_uri": "/Users/ruslanalimbetov/Documents/llm2/astravector/examples/local-demo/sample-ru.txt"
        }
      },
      "accessZoneId": "b4ec78f9-70c3-5264-8b75-1b85f1905e44",
      "accessLevel": "PUBLIC",
      "matchedText": "AstraVector хранит каноническое состояние документов в PostgreSQL. В PostgreSQL находятся версии документов, исходные chunks, bindings, lifecycle status и transactional outbox. Это источник истины, который можно проверять обычными SQL-запросами."
    }
  ],
  "diagnostics": {
    "queryEmbeddingMs": "320",
    "qdrantSearchMs": "12",
    "parentFetchMs": "74",
    "totalMs": "542",
    "candidateCount": 20,
    "parentGroupCount": 7,
    "directCandidatesCount": 1,
    "mergedCandidatesCount": 1,
    "finalCandidatesCount": 1,
    "graphCandidatesByRelationJson": "{}",
    "graphMergeDurationMs": "37",
    "graphMergeStrategy": "SCORE_THEN_TRUNCATE",
    "finalContextLimit": 8,
    "finalContextLimitMode": "AT_LEAST_TOP_K",
    "graphMinScore": 0.05,
    "semanticPower": 1,
    "mmrEnabled": true,
    "mmrLambda": 0.75,
    "mmrCandidateCount": 1,
    "mmrSelectedCount": 1,
    "mmrSimilaritySource": "TOKEN_JACCARD",
    "learnedRerankerProvider": "NONE",
    "directContextLimit": 6,
    "graphContextAppendLimit": 2,
    "directScoreWeight": 1,
    "graphScoreWeight": 0.85,
    "scoreNormalization": "NONE",
    "mmrLambdaDirect": 0.8,
    "mmrLambdaGraph": 0.6,
    "mmrEmbeddingFetchRequested": 1,
    "mmrEmbeddingFetchMissing": 1,
    "mmrEmbeddingFetchDurationMs": "37",
    "mmrEmbeddingCacheMisses": 1,
    "mmrEffectiveSimilaritySource": "TOKEN_JACCARD",
    "warningCodes": [
      "PRE_MMR_WEAK_CANDIDATE_FILTERED"
    ],
    "tokenBudgetEnabled": true,
    "maxContextTokens": 6000,
    "estimatedContextTokensBefore": 249,
    "estimatedContextTokensAfter": 249,
    "tokenTruncationStrategy": "DROP_LOWEST_MMR_SCORE_CHUNKS",
    "hugeChunkStrategy": "DROP_ONE_HUGE_CHUNK",
    "denseBranchExecuted": true,
    "denseBranchCandidateCount": 20,
    "fusionCandidateCount": 20,
    "denseSearchMs": "12",
    "postgresHydrationMs": "74",
    "preMmrNoAnswerMs": "1",
    "mmrEmbeddingFetchMs": "37",
    "visibilityRecheckMs": "92",
    "fusedCandidateCount": 20,
    "hydratedCandidateCount": 7,
    "finalCandidateCount": 1,
    "remainingBudgetBeforeGraphMs": "587",
    "remainingBudgetBeforeMmrMs": "587",
    "rankingTrace": {},
    "queryProcessingMode": "SINGLE",
    "queryOriginalTokenCount": 12,
    "querySegmentCount": 1,
    "queryCoverageRatio": 1,
    "queryRequiredSegments": 1,
    "queryCoveredRequiredSegments": 1,
    "querySegmentSha256": [
      "f5247b956495698201cdd85df3b8ebaf3298c1681cdb1e4de89189ff9a7c32e0"
    ],
    "effectiveQueryTimeoutMs": "1000",
    "remainingBudgetAfterPlanningMs": "998",
    "queryCoverageAfterDirect": 1,
    "queryCoverageAfterMmr": 1,
    "queryCoverageAfterTokenBudget": 1,
    "queryCoverageAfterVisibility": 1,
    "queryProcessingModeV008": "QUERY_PROCESSING_MODE_V008_SINGLE",
    "querySegmentsV008": [
      {
        "tokenCount": 12,
        "segmentKind": "QUESTION",
        "weight": 1,
        "requiredForCoverage": true,
        "retrievalExecuted": true,
        "segmentSha256": "f5247b956495698201cdd85df3b8ebaf3298c1681cdb1e4de89189ff9a7c32e0"
      }
    ]
  },
  "warnings": [
    {
      "code": "PRE_MMR_WEAK_CANDIDATE_FILTERED",
      "message": "no-answer policy filtered 6 weak direct candidates before graph expansion/MMR"
    }
  ]
}
