[1m[32m    Updating[0m crates.io index
[1m[32m Downloading[0m crates ...
[1m[32m  Downloaded[0m ahash v0.8.12
[1m[32m  Downloaded[0m autocfg v1.5.1
[1m[32m  Downloaded[0m atomic-waker v1.1.2
[1m[32m  Downloaded[0m async-lock v3.4.2
[1m[32m  Downloaded[0m der v0.7.10
[1m[32m  Downloaded[0m prost-types v0.13.5
[1m[32m  Downloaded[0m aws-lc-rs v1.17.0
[1m[32m  Downloaded[0m dotenvy v0.15.7
[1m[32m  Downloaded[0m httparse v1.10.1
[1m[32m  Downloaded[0m criterion v0.5.1
[1m[32m  Downloaded[0m crossbeam-deque v0.8.6
[1m[32m  Downloaded[0m etcetera v0.8.0
[1m[32m  Downloaded[0m rand_chacha v0.3.1
[1m[32m  Downloaded[0m futures-core v0.3.32
[1m[32m  Downloaded[0m hashlink v0.10.0
[1m[32m  Downloaded[0m md-5 v0.10.6
[1m[32m  Downloaded[0m serde_core v1.0.228
[1m[32m  Downloaded[0m hmac v0.12.1
[1m[32m  Downloaded[0m tagptr v0.2.0
[1m[32m  Downloaded[0m serde_repr v0.1.20
[1m[32m  Downloaded[0m time-macros v0.2.31
[1m[31merror[0m[1m:[0m failed to parse manifest at `/home/runner/.cargo/registry/src/index.crates.io-6f17d22bba15001f/time-macros-0.2.31/Cargo.toml`

Caused by:
  feature `edition2024` is required

  The package requires the Cargo feature called `edition2024`, but that feature is not stabilized in this version of Cargo (1.82.0 (8f40fc59f 2024-08-21)).
  Consider trying a newer version of Cargo (this may require the nightly release).
  See https://doc.rust-lang.org/nightly/cargo/reference/unstable.html#edition-2024 for more information about the status of this feature.
